{
  "version": "1.5.0",
  "plugins_used": [
    {
      "name": "ArtifactoryDetector"
    },
    {
      "name": "AWSKeyDetector"
    },
    {
      "name": "AzureStorageKeyDetector"
    },
    {
      "name": "Base64HighEntropyString",
      "limit": 4.5
    },
    {
      "name": "BasicAuthDetector"
    },
    {
      "name": "CloudantDetector"
    },
    {
      "name": "DiscordBotTokenDetector"
    },
    {
      "name": "GitHubTokenDetector"
    },
    {
      "name": "GitLabTokenDetector"
    },
    {
      "name": "HexHighEntropyString",
      "limit": 3.0
    },
    {
      "name": "IbmCloudIamDetector"
    },
    {
      "name": "IbmCosHmacDetector"
    },
    {
      "name": "IPPublicDetector"
    },
    {
      "name": "JwtTokenDetector"
    },
    {
      "name": "KeywordDetector",
      "keyword_exclude": ""
    },
    {
      "name": "MailchimpDetector"
    },
    {
      "name": "NpmDetector"
    },
    {
      "name": "OpenAIDetector"
    },
    {
      "name": "PrivateKeyDetector"
    },
    {
      "name": "PypiTokenDetector"
    },
    {
      "name": "SendGridDetector"
    },
    {
      "name": "SlackDetector"
    },
    {
      "name": "SoftlayerDetector"
    },
    {
      "name": "SquareOAuthDetector"
    },
    {
      "name": "StripeDetector"
    },
    {
      "name": "TelegramBotTokenDetector"
    },
    {
      "name": "TwilioKeyDetector"
    }
  ],
  "filters_used": [
    {
      "path": "detect_secrets.filters.allowlist.is_line_allowlisted"
    },
    {
      "path": "detect_secrets.filters.common.is_ignored_due_to_verification_policies",
      "min_level": 2
    },
    {
      "path": "detect_secrets.filters.heuristic.is_indirect_reference"
    },
    {
      "path": "detect_secrets.filters.heuristic.is_likely_id_string"
    },
    {
      "path": "detect_secrets.filters.heuristic.is_lock_file"
    },
    {
      "path": "detect_secrets.filters.heuristic.is_not_alphanumeric_string"
    },
    {
      "path": "detect_secrets.filters.heuristic.is_potential_uuid"
    },
    {
      "path": "detect_secrets.filters.heuristic.is_prefixed_with_dollar_sign"
    },
    {
      "path": "detect_secrets.filters.heuristic.is_sequential_string"
    },
    {
      "path": "detect_secrets.filters.heuristic.is_swagger_file"
    },
    {
      "path": "detect_secrets.filters.heuristic.is_templated_secret"
    }
  ],
  "results": {
    ".env.example": [
      {
        "type": "Basic Auth Credentials",
        "filename": ".env.example",
        "hashed_secret": "9d4e1e23bd5b727046a9e3b4b7db57bd8d6ee684",
        "is_verified": false,
        "line_number": 2
      }
    ],
    ".github/workflows/ci.yml": [
      {
        "type": "Secret Keyword",
        "filename": ".github/workflows/ci.yml",
        "hashed_secret": "4c3f03dab305509d93c231fcf267bbabf87a5e30",
        "is_verified": false,
        "line_number": 25
      }
    ],
    "MCP_SECURITY_AUDIT.md": [
      {
        "type": "Base64 High Entropy String",
        "filename": "MCP_SECURITY_AUDIT.md",
        "hashed_secret": "dc7eaca9a1d6e022d873d55cfa300e67a16ee75f",
        "is_verified": false,
        "line_number": 450
      },
      {
        "type": "Secret Keyword",
        "filename": "MCP_SECURITY_AUDIT.md",
        "hashed_secret": "1f2a34718481bf6fd718432af14b9fcf7554303f",
        "is_verified": false,
        "line_number": 613
      },
      {
        "type": "Base64 High Entropy String",
        "filename": "MCP_SECURITY_AUDIT.md",
        "hashed_secret": "fbf4e7650e64e79fec7190b3f1addd49139b2e58",
        "is_verified": false,
        "line_number": 652
      },
      {
        "type": "Secret Keyword",
        "filename": "MCP_SECURITY_AUDIT.md",
        "hashed_secret": "a94a8fe5ccb19ba61c4c0873d391e987982fbbd3",
        "is_verified": false,
        "line_number": 703
      },
      {
        "type": "Secret Keyword",
        "filename": "MCP_SECURITY_AUDIT.md",
        "hashed_secret": "ab3eb0f868f05373c611a6c904ae319ff0772c0c",
        "is_verified": false,
        "line_number": 879
      }
    ],
    "SECURITY_AUDIT.md": [
      {
        "type": "Secret Keyword",
        "filename": "SECURITY_AUDIT.md",
        "hashed_secret": "ab3eb0f868f05373c611a6c904ae319ff0772c0c",
        "is_verified": false,
        "line_number": 221
      },
      {
        "type": "Base64 High Entropy String",
        "filename": "SECURITY_AUDIT.md",
        "hashed_secret": "dc7eaca9a1d6e022d873d55cfa300e67a16ee75f",
        "is_verified": false,
        "line_number": 279
      }
    ],
    "alembic.ini": [
      {
        "type": "Basic Auth Credentials",
        "filename": "alembic.ini",
        "hashed_secret": "9d4e1e23bd5b727046a9e3b4b7db57bd8d6ee684",
        "is_verified": false,
        "line_number": 32
      }
    ],
    "deploy/nsjail/smoketest.py": [
      {
        "type": "Secret Keyword",
        "filename": "deploy/nsjail/smoketest.py",
        "hashed_secret": "31dc16d610236a43dec01dce1c16b5e7d926f3d8",
        "is_verified": false,
        "line_number": 420
      }
    ],
    "docker-compose.yml": [
      {
        "type": "Secret Keyword",
        "filename": "docker-compose.yml",
        "hashed_secret": "4c3f03dab305509d93c231fcf267bbabf87a5e30",
        "is_verified": false,
        "line_number": 7
      }
    ],
    "docs/guide.md": [
      {
        "type": "Secret Keyword",
        "filename": "docs/guide.md",
        "hashed_secret": "ec417f567082612f8fd6afafe1abcab831fca840",
        "is_verified": false,
        "line_number": 600
      }
    ],
    "docs/implementation/specs/api-contract.md": [
      {
        "type": "Secret Keyword",
        "filename": "docs/implementation/specs/api-contract.md",
        "hashed_secret": "ec417f567082612f8fd6afafe1abcab831fca840",
        "is_verified": false,
        "line_number": 47
      },
      {
        "type": "Secret Keyword",
        "filename": "docs/implementation/specs/api-contract.md",
        "hashed_secret": "a616a64c0fbc30f12287d0f24f3b90dd2e6a206e",
        "is_verified": false,
        "line_number": 83
      },
      {
        "type": "Secret Keyword",
        "filename": "docs/implementation/specs/api-contract.md",
        "hashed_secret": "bf896630f175bec9adabe9c171e2fc1d8aa2f983",
        "is_verified": false,
        "line_number": 93
      },
      {
        "type": "Secret Keyword",
        "filename": "docs/implementation/specs/api-contract.md",
        "hashed_secret": "6abdf2446a50ef6d2502c07d4263baf89537dcae",
        "is_verified": false,
        "line_number": 114
      },
      {
        "type": "Secret Keyword",
        "filename": "docs/implementation/specs/api-contract.md",
        "hashed_secret": "4af8690033a5f301a8ad5aa6c508d4b6c9707d54",
        "is_verified": false,
        "line_number": 130
      },
      {
        "type": "Base64 High Entropy String",
        "filename": "docs/implementation/specs/api-contract.md",
        "hashed_secret": "0d1e0099c202f60be3e59ce2e5ce0599db04ce50",
        "is_verified": false,
        "line_number": 149
      },
      {
        "type": "Secret Keyword",
        "filename": "docs/implementation/specs/api-contract.md",
        "hashed_secret": "70bc4198bf29388926163dd16964d4b5e3e02a20",
        "is_verified": false,
        "line_number": 267
      }
    ],
    "docs/implementation/specs/auth/auth-reference.md": [
      {
        "type": "Base64 High Entropy String",
        "filename": "docs/implementation/specs/auth/auth-reference.md",
        "hashed_secret": "a611ce48c27ab71f8d89ff75144b4054cd9f2550",
        "is_verified": false,
        "line_number": 44
      },
      {
        "type": "Base64 High Entropy String",
        "filename": "docs/implementation/specs/auth/auth-reference.md",
        "hashed_secret": "4afee483f7895ab3193cbe077b8472ff1bcc411e",
        "is_verified": false,
        "line_number": 48
      },
      {
        "type": "Secret Keyword",
        "filename": "docs/implementation/specs/auth/auth-reference.md",
        "hashed_secret": "44cdfc3615970ada14420caaaa5c5745fca06002",
        "is_verified": false,
        "line_number": 209
      },
      {
        "type": "Base64 High Entropy String",
        "filename": "docs/implementation/specs/auth/auth-reference.md",
        "hashed_secret": "0b7cdc5675e80613690a5ff55dbb3e3a795d2351",
        "is_verified": false,
        "line_number": 224
      },
      {
        "type": "Base64 High Entropy String",
        "filename": "docs/implementation/specs/auth/auth-reference.md",
        "hashed_secret": "0d1e0099c202f60be3e59ce2e5ce0599db04ce50",
        "is_verified": false,
        "line_number": 254
      },
      {
        "type": "Base64 High Entropy String",
        "filename": "docs/implementation/specs/auth/auth-reference.md",
        "hashed_secret": "eed170f1d8d258764e2b2be2672fb14c55c53cad",
        "is_verified": false,
        "line_number": 346
      }
    ],
    "docs/implementation/specs/env-passthrough.md": [
      {
        "type": "Secret Keyword",
        "filename": "docs/implementation/specs/env-passthrough.md",
        "hashed_secret": "ec3810e10fb78db55ce38b9c18d1c3eb1db739e0",
        "is_verified": false,
        "line_number": 273
      },
      {
        "type": "Secret Keyword",
        "filename": "docs/implementation/specs/env-passthrough.md",
        "hashed_secret": "bad20ce8953a58e8c0e634c770cbd5ab0644b617",
        "is_verified": false,
        "line_number": 573
      }
    ],
    "docs/llm-reference.md": [
      {
        "type": "Secret Keyword",
        "filename": "docs/llm-reference.md",
        "hashed_secret": "ec417f567082612f8fd6afafe1abcab831fca840",
        "is_verified": false,
        "line_number": 147
      }
    ],
    "specs/002-env-passthrough/contracts/env-passthrough-api.md": [
      {
        "type": "Secret Keyword",
        "filename": "specs/002-env-passthrough/contracts/env-passthrough-api.md",
        "hashed_secret": "bad20ce8953a58e8c0e634c770cbd5ab0644b617",
        "is_verified": false,
        "line_number": 250
      }
    ],
    "specs/002-env-passthrough/data-model.md": [
      {
        "type": "Secret Keyword",
        "filename": "specs/002-env-passthrough/data-model.md",
        "hashed_secret": "bad20ce8953a58e8c0e634c770cbd5ab0644b617",
        "is_verified": false,
        "line_number": 45
      }
    ],
    "specs/002-env-passthrough/quickstart.md": [
      {
        "type": "Secret Keyword",
        "filename": "specs/002-env-passthrough/quickstart.md",
        "hashed_secret": "bad20ce8953a58e8c0e634c770cbd5ab0644b617",
        "is_verified": false,
        "line_number": 10
      }
    ],
    "specs/002-env-passthrough/spec.md": [
      {
        "type": "Secret Keyword",
        "filename": "specs/002-env-passthrough/spec.md",
        "hashed_secret": "ec3810e10fb78db55ce38b9c18d1c3eb1db739e0",
        "is_verified": false,
        "line_number": 273
      },
      {
        "type": "Secret Keyword",
        "filename": "specs/002-env-passthrough/spec.md",
        "hashed_secret": "bad20ce8953a58e8c0e634c770cbd5ab0644b617",
        "is_verified": false,
        "line_number": 573
      }
    ],
    "specs/archive/001-api-gateway-mvp/contracts/openapi.yaml": [
      {
        "type": "Base64 High Entropy String",
        "filename": "specs/archive/001-api-gateway-mvp/contracts/openapi.yaml",
        "hashed_secret": "4fb454179e0bcfe2de97ec13fce4e546e9d94e15",
        "is_verified": false,
        "line_number": 769
      }
    ],
    "specs/archive/001-api-gateway-mvp/quickstart.md": [
      {
        "type": "Basic Auth Credentials",
        "filename": "specs/archive/001-api-gateway-mvp/quickstart.md",
        "hashed_secret": "9d4e1e23bd5b727046a9e3b4b7db57bd8d6ee684",
        "is_verified": false,
        "line_number": 44
      },
      {
        "type": "Secret Keyword",
        "filename": "specs/archive/001-api-gateway-mvp/quickstart.md",
        "hashed_secret": "1c58bd92003bbaa0538e249fff6ee19a270dec5f",
        "is_verified": false,
        "line_number": 130
      },
      {
        "type": "Base64 High Entropy String",
        "filename": "specs/archive/001-api-gateway-mvp/quickstart.md",
        "hashed_secret": "a9dc530bf01aa18d654c6190a8d9f4be7504a055",
        "is_verified": false,
        "line_number": 138
      },
      {
        "type": "Secret Keyword",
        "filename": "specs/archive/001-api-gateway-mvp/quickstart.md",
        "hashed_secret": "a9dc530bf01aa18d654c6190a8d9f4be7504a055",
        "is_verified": false,
        "line_number": 138
      }
    ],
    "specs/archive/001-api-gateway-mvp/tasks.md": [
      {
        "type": "Secret Keyword",
        "filename": "specs/archive/001-api-gateway-mvp/tasks.md",
        "hashed_secret": "bf04f9cf3ddcead1ff97b7cb3e241105ca614355",
        "is_verified": false,
        "line_number": 114
      }
    ],
    "src/mcpworks_api/api/v1/llm.py": [
      {
        "type": "Secret Keyword",
        "filename": "src/mcpworks_api/api/v1/llm.py",
        "hashed_secret": "b5b95b37b3b6e2ebb994b84ba32d7279019b56f8",
        "is_verified": false,
        "line_number": 32
      }
    ],
    "src/mcpworks_api/api/v1/quickstart.py": [
      {
        "type": "Secret Keyword",
        "filename": "src/mcpworks_api/api/v1/quickstart.py",
        "hashed_secret": "ec417f567082612f8fd6afafe1abcab831fca840",
        "is_verified": false,
        "line_number": 128
      }
    ],
    "src/mcpworks_api/config.py": [
      {
        "type": "Basic Auth Credentials",
        "filename": "src/mcpworks_api/config.py",
        "hashed_secret": "4c3f03dab305509d93c231fcf267bbabf87a5e30",
        "is_verified": false,
        "line_number": 43
      },
      {
        "type": "Secret Keyword",
        "filename": "src/mcpworks_api/config.py",
        "hashed_secret": "6dc93fd5dfc39087aedf8cdc970dcd814aaffed9",
        "is_verified": false,
        "line_number": 206
      }
    ],
    "src/mcpworks_api/models/audit_log.py": [
      {
        "type": "Secret Keyword",
        "filename": "src/mcpworks_api/models/audit_log.py",
        "hashed_secret": "4b4cee89b354b993a64e0134e457cddc540a1833",
        "is_verified": false,
        "line_number": 25
      },
      {
        "type": "Secret Keyword",
        "filename": "src/mcpworks_api/models/audit_log.py",
        "hashed_secret": "5227a37d3bf602e316b4ee2903749ace643ec023",
        "is_verified": false,
        "line_number": 26
      },
      {
        "type": "Secret Keyword",
        "filename": "src/mcpworks_api/models/audit_log.py",
        "hashed_secret": "91f9faccf0fa34a28f2d14c38e5d09b78a55819b",
        "is_verified": false,
        "line_number": 27
      }
    ],
    "tests/conftest.py": [
      {
        "type": "Basic Auth Credentials",
        "filename": "tests/conftest.py",
        "hashed_secret": "4c3f03dab305509d93c231fcf267bbabf87a5e30",
        "is_verified": false,
        "line_number": 54
      }
    ],
    "tests/integration/test_auth_endpoints.py": [
      {
        "type": "Secret Keyword",
        "filename": "tests/integration/test_auth_endpoints.py",
        "hashed_secret": "29dee5405f5d8d20d52408e712746cc97f87cfe9",
        "is_verified": false,
        "line_number": 59
      },
      {
        "type": "Secret Keyword",
        "filename": "tests/integration/test_auth_endpoints.py",
        "hashed_secret": "2f3c617f6d337499e62cf47228c6042d77ae68fe",
        "is_verified": false,
        "line_number": 276
      },
      {
        "type": "Secret Keyword",
        "filename": "tests/integration/test_auth_endpoints.py",
        "hashed_secret": "20b05c695ef1f14caa80ab1ce617d503ba9de093",
        "is_verified": false,
        "line_number": 294
      },
      {
        "type": "Secret Keyword",
        "filename": "tests/integration/test_auth_endpoints.py",
        "hashed_secret": "a0f4ea7d91495df92bbac2e2149dfb850fe81396",
        "is_verified": false,
        "line_number": 349
      },
      {
        "type": "Secret Keyword",
        "filename": "tests/integration/test_auth_endpoints.py",
        "hashed_secret": "d8bba58683e577cdd462e2cd1207808e1b01b3cb",
        "is_verified": false,
        "line_number": 406
      },
      {
        "type": "Secret Keyword",
        "filename": "tests/integration/test_auth_endpoints.py",
        "hashed_secret": "5001d8b3b3dc79b4936376c62500db00fee88bf4",
        "is_verified": false,
        "line_number": 427
      }
    ],
    "tests/integration/test_subscription_endpoints.py": [
      {
        "type": "Secret Keyword",
        "filename": "tests/integration/test_subscription_endpoints.py",
        "hashed_secret": "327d106bf608b1f63bf5cbc5d1b6ea2d6836b446",
        "is_verified": false,
        "line_number": 40
      }
    ],
    "tests/unit/test_agent_schemas.py": [
      {
        "type": "Secret Keyword",
        "filename": "tests/unit/test_agent_schemas.py",
        "hashed_secret": "a62f2225bf70bfaccbc7f1ef2a397836717377de",
        "is_verified": false,
        "line_number": 196
      }
    ],
    "tests/unit/test_auth_service.py": [
      {
        "type": "Secret Keyword",
        "filename": "tests/unit/test_auth_service.py",
        "hashed_secret": "44cdfc3615970ada14420caaaa5c5745fca06002",
        "is_verified": false,
        "line_number": 65
      },
      {
        "type": "Secret Keyword",
        "filename": "tests/unit/test_auth_service.py",
        "hashed_secret": "210e512dbc80618b9dbc068ce9d6cb01fe11c295",
        "is_verified": false,
        "line_number": 114
      },
      {
        "type": "Secret Keyword",
        "filename": "tests/unit/test_auth_service.py",
        "hashed_secret": "c18006fc138809314751cd1991f1e0b820fabd37",
        "is_verified": false,
        "line_number": 128
      },
      {
        "type": "Secret Keyword",
        "filename": "tests/unit/test_auth_service.py",
        "hashed_secret": "d8ecf7db8fc9ec9c31bc5c9ae2929cc599c75f8d",
        "is_verified": false,
        "line_number": 143
      },
      {
        "type": "Secret Keyword",
        "filename": "tests/unit/test_auth_service.py",
        "hashed_secret": "d8bba58683e577cdd462e2cd1207808e1b01b3cb",
        "is_verified": false,
        "line_number": 154
      },
      {
        "type": "Secret Keyword",
        "filename": "tests/unit/test_auth_service.py",
        "hashed_secret": "cbfdac6008f9cab4083784cbd1874f76618d2a97",
        "is_verified": false,
        "line_number": 176
      }
    ],
    "tests/unit/test_credential_scan.py": [
      {
        "type": "AWS Access Key",
        "filename": "tests/unit/test_credential_scan.py",
        "hashed_secret": "25910f981e85ca04baf359199dd0bd4a3ae738b6",
        "is_verified": false,
        "line_number": 8
      },
      {
        "type": "Base64 High Entropy String",
        "filename": "tests/unit/test_credential_scan.py",
        "hashed_secret": "d70eab08607a4d05faa2d0d6647206599e9abc65",
        "is_verified": false,
        "line_number": 15
      },
      {
        "type": "Secret Keyword",
        "filename": "tests/unit/test_credential_scan.py",
        "hashed_secret": "d70eab08607a4d05faa2d0d6647206599e9abc65",
        "is_verified": false,
        "line_number": 15
      },
      {
        "type": "Base64 High Entropy String",
        "filename": "tests/unit/test_credential_scan.py",
        "hashed_secret": "4f9971a820439033149de10142707b1e79c35429",
        "is_verified": false,
        "line_number": 27
      },
      {
        "type": "Base64 High Entropy String",
        "filename": "tests/unit/test_credential_scan.py",
        "hashed_secret": "a93d645cbaeb2d53b823b599753b22b4dc5b867d",
        "is_verified": false,
        "line_number": 32
      },
      {
        "type": "Base64 High Entropy String",
        "filename": "tests/unit/test_credential_scan.py",
        "hashed_secret": "179a9196639f637aa6238996577c251edf435601",
        "is_verified": false,
        "line_number": 37
      },
      {
        "type": "Base64 High Entropy String",
        "filename": "tests/unit/test_credential_scan.py",
        "hashed_secret": "6930957704abd7e4ef8c0ac1c9e16400fa122e1f",
        "is_verified": false,
        "line_number": 42
      },
      {
        "type": "Stripe Access Key",
        "filename": "tests/unit/test_credential_scan.py",
        "hashed_secret": "6930957704abd7e4ef8c0ac1c9e16400fa122e1f",
        "is_verified": false,
        "line_number": 42
      },
      {
        "type": "Base64 High Entropy String",
        "filename": "tests/unit/test_credential_scan.py",
        "hashed_secret": "6a17797fdc8938e367d9f083853a84fd776182b0",
        "is_verified": false,
        "line_number": 49
      },
      {
        "type": "Base64 High Entropy String",
        "filename": "tests/unit/test_credential_scan.py",
        "hashed_secret": "46f76d58f460d747a33a59a0fa60ed7070d463fc",
        "is_verified": false,
        "line_number": 54
      },
      {
        "type": "Base64 High Entropy String",
        "filename": "tests/unit/test_credential_scan.py",
        "hashed_secret": "3350167cf47414230007bb0d50280b44c797c448",
        "is_verified": false,
        "line_number": 59
      },
      {
        "type": "Private Key",
        "filename": "tests/unit/test_credential_scan.py",
        "hashed_secret": "be4fc4886bd949b369d5e092eb87494f12e57e5b",
        "is_verified": false,
        "line_number": 66
      },
      {
        "type": "Private Key",
        "filename": "tests/unit/test_credential_scan.py",
        "hashed_secret": "f0778f3e140a61d5bbbed5430773e52af2f5fba4",
        "is_verified": false,
        "line_number": 71
      },
      {
        "type": "Private Key",
        "filename": "tests/unit/test_credential_scan.py",
        "hashed_secret": "1348b145fa1a555461c1b790a2f66614781091e9",
        "is_verified": false,
        "line_number": 76
      },
      {
        "type": "JSON Web Token",
        "filename": "tests/unit/test_credential_scan.py",
        "hashed_secret": "34c659f4df06118f5bc39edc355b4542851ad3f6",
        "is_verified": false,
        "line_number": 83
      },
      {
        "type": "Basic Auth Credentials",
        "filename": "tests/unit/test_credential_scan.py",
        "hashed_secret": "364bdf2ed77a8544d3b711a03b69eeadcc63c9d7",
        "is_verified": false,
        "line_number": 90
      },
      {
        "type": "Basic Auth Credentials",
        "filename": "tests/unit/test_credential_scan.py",
        "hashed_secret": "5baa61e4c9b93f3f0682250b6cf8331b7ee68fd8",
        "is_verified": false,
        "line_number": 95
      },
      {
        "type": "Basic Auth Credentials",
        "filename": "tests/unit/test_credential_scan.py",
        "hashed_secret": "9d4e1e23bd5b727046a9e3b4b7db57bd8d6ee684",
        "is_verified": false,
        "line_number": 100
      },
      {
        "type": "Basic Auth Credentials",
        "filename": "tests/unit/test_credential_scan.py",
        "hashed_secret": "91dfd9ddb4198affc5c194cd8ce6d338fde470e2",
        "is_verified": false,
        "line_number": 105
      },
      {
        "type": "Secret Keyword",
        "filename": "tests/unit/test_credential_scan.py",
        "hashed_secret": "d3912fa5639a37367c15814367069fe7798cfaf6",
        "is_verified": false,
        "line_number": 112
      },
      {
        "type": "Hex High Entropy String",
        "filename": "tests/unit/test_credential_scan.py",
        "hashed_secret": "4855601d70ec71bc3aefc12f22ba0914d20d3541",
        "is_verified": false,
        "line_number": 117
      },
      {
        "type": "Secret Keyword",
        "filename": "tests/unit/test_credential_scan.py",
        "hashed_secret": "4855601d70ec71bc3aefc12f22ba0914d20d3541",
        "is_verified": false,
        "line_number": 117
      },
      {
        "type": "Secret Keyword",
        "filename": "tests/unit/test_credential_scan.py",
        "hashed_secret": "a0f4ea7d91495df92bbac2e2149dfb850fe81396",
        "is_verified": false,
        "line_number": 127
      },
      {
        "type": "Secret Keyword",
        "filename": "tests/unit/test_credential_scan.py",
        "hashed_secret": "7a170d154053c92a6f9b4141ca6868b4dc2f33ff",
        "is_verified": false,
        "line_number": 134
      },
      {
        "type": "Secret Keyword",
        "filename": "tests/unit/test_credential_scan.py",
        "hashed_secret": "70160aa810531303052a96d802080b5a31c8f05b",
        "is_verified": false,
        "line_number": 141
      }
    ],
    "tests/unit/test_env_passthrough.py": [
      {
        "type": "Secret Keyword",
        "filename": "tests/unit/test_env_passthrough.py",
        "hashed_secret": "fb0123cbab73d8a58896fbe39b8b7b5b6df15c5e",
        "is_verified": false,
        "line_number": 51
      },
      {
        "type": "Secret Keyword",
        "filename": "tests/unit/test_env_passthrough.py",
        "hashed_secret": "39f69c278f46165447f30d10acf54277aaa3d5fc",
        "is_verified": false,
        "line_number": 90
      },
      {
        "type": "Secret Keyword",
        "filename": "tests/unit/test_env_passthrough.py",
        "hashed_secret": "e9a5f12a8ecbb3eb46eca5096b5c52aa5e7c9fdd",
        "is_verified": false,
        "line_number": 130
      }
    ],
    "tests/unit/test_function_service.py": [
      {
        "type": "Secret Keyword",
        "filename": "tests/unit/test_function_service.py",
        "hashed_secret": "f409ce90a1cd144912d1df8620215b2dc9fda731",
        "is_verified": false,
        "line_number": 17
      }
    ],
    "tests/unit/test_mcp_router.py": [
      {
        "type": "Secret Keyword",
        "filename": "tests/unit/test_mcp_router.py",
        "hashed_secret": "72bd9ffd6dd26fbfe866f26edc1cbf446ecfe8fe",
        "is_verified": false,
        "line_number": 138
      }
    ],
    "tests/unit/test_namespace_service.py": [
      {
        "type": "Secret Keyword",
        "filename": "tests/unit/test_namespace_service.py",
        "hashed_secret": "f409ce90a1cd144912d1df8620215b2dc9fda731",
        "is_verified": false,
        "line_number": 17
      }
    ],
    "tests/unit/test_smtp_provider.py": [
      {
        "type": "Secret Keyword",
        "filename": "tests/unit/test_smtp_provider.py",
        "hashed_secret": "e5e9fa1ba31ecd1ae84f75caaa474f3a663f05f4",
        "is_verified": false,
        "line_number": 35
      },
      {
        "type": "Secret Keyword",
        "filename": "tests/unit/test_smtp_provider.py",
        "hashed_secret": "557b77739581647a2cc6a60d7a72bfd2dfcf1762",
        "is_verified": false,
        "line_number": 64
      },
      {
        "type": "Secret Keyword",
        "filename": "tests/unit/test_smtp_provider.py",
        "hashed_secret": "9d4e1e23bd5b727046a9e3b4b7db57bd8d6ee684",
        "is_verified": false,
        "line_number": 79
      }
    ],
    "tests/unit/test_stripe_service.py": [
      {
        "type": "Secret Keyword",
        "filename": "tests/unit/test_stripe_service.py",
        "hashed_secret": "9a96da06a7d5819c1ba73b62593e15dbb0ac785e",
        "is_verified": false,
        "line_number": 202
      }
    ]
  },
  "generated_at": "2026-03-23T12:01:22Z"
}
